python : [蹂몃Ц 異붿텧 ?ㅽ뙣] 紐⑤뱺 ??됲꽣 ?ㅽ뙣: url=https://www.mk.co.kr/news/realestate/11936091
위치 C:\Users\주수아\AppData\Local\Temp\ps-script-588e8b13-b00f-4557-9c0f-c4dcd8f7205c.ps1:7 문자:1
+ python backend/scripts/test_news_detail_parsing.py > test_output.txt  ...
+ ~~~~~~~~~~~~~~~~~~~~~~~~~~~~~~~~~~~~~~~~~~~~~~~~~~~~~~~~~~~~~~~~~~~~~
    + CategoryInfo          : NotSpecified: ([蹂몃Ц 異붿텧 ?ㅽ뙣] 紐...estate/11936091:String) [], RemoteException
    + FullyQualifiedErrorId : NativeCommandError
 
[crawl_news_detail] 蹂몃Ц 異붿텧 ?ㅽ뙣 ?먮뒗 ?덈Т 吏㏃쓬, fallback ?ъ슜: url=https://www.mk.co.kr/news/realestate/11936091, ?꾩옱 湲몄씠=0
??
[理쒗썑???섎떒] body ?꾩껜 ?띿뒪?몃줈 蹂몃Ц 異붿텧: 2082??
[蹂몃Ц 異붿텧 ?ㅽ뙣] 紐⑤뱺 ??됲꽣 ?ㅽ뙣: url=https://biz.chosun.com/policy/policy_sub/2026/01/18/QC3MDHO6DRBIHJJZ5MPQPK6MTI/
[crawl_news_detail] 蹂몃Ц 異붿텧 ?ㅽ뙣 ?먮뒗 ?덈Т 吏㏃쓬, fallback ?ъ슜: url=https://biz.chosun.com/policy/policy_sub/2026/01/18/QC3M
DHO6DRBIHJJZ5MPQPK6MTI/, ?꾩옱 湲몄씠=0??
[crawl_news_detail] 蹂몃Ц 異붿텧 ?꾩쟾 ?ㅽ뙣: url=https://biz.chosun.com/policy/policy_sub/2026/01/18/QC3MDHO6DRBIHJJZ5MPQPK6MTI
/
蹂몃Ц 異붿텧 ?꾩쟾 ?ㅽ뙣: https://biz.chosun.com/policy/policy_sub/2026/01/18/QC3MDHO6DRBIHJJZ5MPQPK6MTI/
?댁뒪 ?곸꽭 ?щ·留??ㅽ뙣 (https://biz.heraldcorp.com/article/10657203?sec=011): cannot access local variable 'image_counter' wh
ere it is not associated with a value

================================================================================
[TEST] ?댁뒪 ?곸꽭 ?섏씠吏 ?뚯떛 ?뚯뒪???쒖옉
================================================================================

================================================================================
[留ㅼ씪寃쎌젣] ?댁뒪 ?곸꽭 ?뚯떛 ?뚯뒪??
================================================================================

?뚯뒪??URL: https://www.mk.co.kr/news/realestate/11936091

[OK] ?щ·留??깃났!

?쒕ぉ: 留ㅼ씪 寃쎌젣
異쒖쿂: 留ㅼ씪寃쎌젣
URL: https://www.mk.co.kr/news/realestate/11936091

蹂몃Ц 湲몄씠: 2082??
蹂몃Ц 誘몃━蹂닿린 (泥섏쓬 300??:
?볤??뺤콉
怨듦컧??
理쒖떊??
?ㅻ옒?쒖닚
?댁뒪 諛붾줈媛湲?
湲곗궗 ?곸꽭
遺?숈궛
?쒓굅李??붿긽?섎꽕?앪?굅??諛섑넗留??щ뒗???ㅽ엳??媛寃?移섏넖???꾪뙆??
?좎떎쨌?移????좎텞 ?⑥? ?뉖떒 ?좉퀬媛
援???됲삎 ?됯퇏??25?듭썝?
?ъ쭊 ?뺣?
媛뺣궓 ?쇱꽦???쇱꽦?먯뒪?뚯씠??1?⑥? ?꾧꼍 [?댁땐??湲곗옄]
?쒖슱 媛뺣궓沅??꾪뙆???쒖옣???댁긽?섎떎. 嫄곕옒??以꾩뼱?ㅺ퀬 ?덈뒗??媛寃⑹? 移섏넖怨??덉뼱?쒕떎. 嫄곕옒 ?덈꼍 ?띿뿉?쒕룄 媛寃⑹씠 踰꾪떚???대Ⅸ諛??섍?寃?怨좎갑???꾩긽???먯감 怨좎갑?뷀븯??紐⑥뒿?대떎.
1??遺?숈궛 ?뺣낫 ??吏묓뭹??吏?쒗빐 遺꾧린蹂??꾪뙆??嫄곕옒瑜?遺꾩꽍??寃곌낵???곕Ⅴ硫?媛뺣궓3援?媛뺣궓쨌?쒖큹쨌?≫뙆...

蹂몃Ц ?앸?遺?(留덉?留?200??:
...
2026-01-17 12:01:43
?섎돱吏꾩뒪 ?댁텧???ㅻ땲?? SNS ???꾨줈??怨듦컻
?섏옱踰뚮룎???좊땲 ?쒖꽦怨듭쓽 湲곗? ?놁뼱??썡?쒗닾??轅덇퓭??
?ㅽ삙吏? 援곗궡 ?섎굹 ?녿뒗 鍮꾪궎???먰깭??컝鍮꾨펷源뚯? ?쒕윭???섑깂?꾟?紐몃ℓ ?먮옉
諛뺣낫寃, 泥?떞???ㅼ뜦?╈쒖씠???⑥튇猷??대븣????
?좎꽭寃? ?꾨쫫?ㅼ슫 ?먰깭
臾멸??? ?⑤떎瑜??쒕젅???먰깭??슦?꾪븳 鍮꾩＜??
濡쒓렇?명븯怨?
留ㅼ씪寃쎌젣瑜?寃쏀뿕?대낫?몄슂

?대?吏 媛쒖닔: 1媛?

?대?吏 URL 紐⑸줉:
  [1] https://pimg.mk.co.kr/news/cms/202601/18/news-p.v1.20260116.c4e90afe9e1e4934aab635e43380192c_R.jpg

?대?吏 硫뷀??곗씠?? 1媛?
  [1] ?꾩튂: 0, URL: https://pimg.mk.co.kr/news/cms/202601/18/news-p.v1.20260116.c4e90afe9e1e4934aab6...

================================================================================
[議곗꽑?쇰낫] ?댁뒪 ?곸꽭 ?뚯떛 ?뚯뒪??
================================================================================

?뚯뒪??URL: https://biz.chosun.com/policy/policy_sub/2026/01/18/QC3MDHO6DRBIHJJZ5MPQPK6MTI/

[OK] ?щ·留??깃났!

?쒕ぉ: ?? ?쒖슱 吏??붽퀬 鍮꾩닔?꾧텒???щ㈃ 媛쒖씤???댁쭅?곌툑 ?쒕룄 33諛??뺣?踰?諛쒖쓽
異쒖쿂: 議곗꽑?쇰낫
URL: https://biz.chosun.com/policy/policy_sub/2026/01/18/QC3MDHO6DRBIHJJZ5MPQPK6MTI/

蹂몃Ц 湲몄씠: 0??

?대?吏 媛쒖닔: 1媛?

?대?吏 URL 紐⑸줉:
  [1] https://biz.chosun.com/resizer/v2/MQ2WGY3FGMYGGYRQMU2DKNLCMI.jpg?auth=f20a3426075e1cf6a6791bb99845ef28050661cd71b4eee8d89e85e1f571ee28&width=1200&height=630&smart=true

?대?吏 硫뷀??곗씠?? 1媛?
  [1] ?꾩튂: 0, URL: https://biz.chosun.com/resizer/v2/MQ2WGY3FGMYGGYRQMU2DKNLCMI.jpg?auth=f20a342607...

================================================================================
[?대윺?쒓꼍?? ?댁뒪 ?곸꽭 ?뚯떛 ?뚯뒪??
================================================================================

?뚯뒪??URL: https://biz.heraldcorp.com/article/10657203?sec=011

[FAIL] ?щ·留??ㅽ뙣: ?댁뒪瑜?李얠쓣 ???놁뒿?덈떎.

================================================================================
[寃곌낵] ?뚯뒪??寃곌낵 ?붿빟
================================================================================
   留ㅼ씪寃쎌젣: ???깃났
   議곗꽑?쇰낫: ???깃났
   ?대윺?쒓꼍?? ???ㅽ뙣

珥?3媛??ъ씠??以?2媛??깃났

================================================================================
?뚯뒪???꾨즺!
================================================================================

